// Jest Snapshot v1, https://goo.gl/fbAQLP

exports[`renders the UI as expected 1`] = `
<div>
  <nav
    className="Header"
  >
    <h1
      className="headerlink"
    >
      <a
        href="/"
        onClick={[Function]}
      >
        Create A Hogwarts Student!
      </a>
    </h1>
    <div
      className="Header__not-logged-in"
    >
      <a
        className="registerlink"
        href="/register"
        onClick={[Function]}
      >
         Create an account 
      </a>
      <p />
      <a
        className="loginlink"
        href="/login"
        onClick={[Function]}
      >
         Log in 
      </a>
    </div>
  </nav>
  <nav>
    <ul
      className="navbar"
    >
      <li
        className="nav-links"
      >
        <a
          className="navbarlink"
          href="/"
          onClick={[Function]}
        >
          Home
        </a>
      </li>
      <li
        className="nav-links"
      >
        <a
          className="navbarlink"
          href="/create-student"
          onClick={[Function]}
        >
          Create
        </a>
      </li>
      <li
        className="nav-links"
      >
        <a
          className="navbarlink"
          href="/my-students"
          onClick={[Function]}
        >
          My Students
        </a>
      </li>
    </ul>
  </nav>
  <section
    className="my-students"
  >
    <h1
      className="my-students-h1"
    >
      My Students
    </h1>
    <section
      id="students"
    />
  </section>
</div>
`;
